
> sharo-kebab-loyalty@1.0.0 start
> next start --hostname 127.0.0.1 --port 3004

   ▲ Next.js 15.5.18
   - Local:        http://127.0.0.1:3004
   - Network:      http://127.0.0.1:3004

 ✓ Starting...
 ✓ Ready in 2.2s
 ⨯ The requested resource isn't a valid image for /images/products/cheese-vita.jpg received null
 ⨯ The requested resource isn't a valid image for /images/products/cheese-pui.jpg received null
 ⨯ The requested resource isn't a valid image for /images/products/cheese-pui.jpg received null
 ⨯ The requested resource isn't a valid image for /images/products/cheese-vita.jpg received null
 ⨯ The requested resource isn't a valid image for /images/products/cheese-pui.jpg received null
 ⨯ The requested resource isn't a valid image for /images/products/cheese-berbecut.jpg received null
 ⨯ The requested resource isn't a valid image for /images/products/arabeasca-pui.jpg received null
 ⨯ The requested resource isn't a valid image for /images/products/cheese-pui.jpg received null
 ⨯ The requested resource isn't a valid image for /images/products/cheese-vita.jpg received null
 ⨯ The requested resource isn't a valid image for /images/products/cheese-berbecut.jpg received null
 ⨯ The requested resource isn't a valid image for /images/products/arabeasca-pui.jpg received null
 ⨯ The requested resource isn't a valid image for /images/products/cheese-pui.jpg received null
 ⨯ The requested resource isn't a valid image for /images/products/cheese-pui.jpg received null
 ⨯ The requested resource isn't a valid image for /images/products/cheese-vita.jpg received null
 ⨯ The requested resource isn't a valid image for /images/products/cheese-berbecut.jpg received null
 ⨯ The requested resource isn't a valid image for /images/products/arabeasca-pui.jpg received null
 ⨯ The requested resource isn't a valid image for /images/products/cheese-pui.jpg received null
 ⨯ The requested resource isn't a valid image for /images/products/cheese-vita.jpg received null
 ⨯ The requested resource isn't a valid image for /images/products/cheese-berbecut.jpg received null
 ⨯ The requested resource isn't a valid image for /images/products/arabeasca-pui.jpg received null
 ⨯ The requested resource isn't a valid image for /images/products/cheese-pui.jpg received null
 ⨯ The requested resource isn't a valid image for /images/products/cheese-berbecut.jpg received null
 ⨯ The requested resource isn't a valid image for /images/products/arabeasca-pui.jpg received null
 ⨯ The requested resource isn't a valid image for /images/products/cheese-vita.jpg received null
 ⨯ The requested resource isn't a valid image for /images/products/cheese-pui.jpg received null
 ⨯ The requested resource isn't a valid image for /images/products/cheese-vita.jpg received null
 ⨯ The requested resource isn't a valid image for /images/products/cheese-berbecut.jpg received null
 ⨯ The requested resource isn't a valid image for /images/products/arabeasca-pui.jpg received null
 ⨯ The requested resource isn't a valid image for /images/products/cheese-pui.jpg received null
 ⨯ The requested resource isn't a valid image for /images/products/cheese-vita.jpg received null
 ⨯ The requested resource isn't a valid image for /images/products/cheese-berbecut.jpg received null
 ⨯ The requested resource isn't a valid image for /images/products/arabeasca-pui.jpg received null
 ⨯ The requested resource isn't a valid image for /images/products/cheese-pui.jpg received null
 ⨯ The requested resource isn't a valid image for /images/products/cheese-vita.jpg received null
 ⨯ The requested resource isn't a valid image for /images/products/cheese-berbecut.jpg received null
 ⨯ The requested resource isn't a valid image for /images/products/arabeasca-pui.jpg received null
 ⨯ The requested resource isn't a valid image for /images/products/cheese-pui.jpg received null
 ⨯ The requested resource isn't a valid image for /images/products/cheese-vita.jpg received null
 ⨯ The requested resource isn't a valid image for /images/products/cheese-berbecut.jpg received null
 ⨯ The requested resource isn't a valid image for /images/products/arabeasca-pui.jpg received null
 ⨯ The requested resource isn't a valid image for /images/products/cheese-pui.jpg received null
 ⨯ The requested resource isn't a valid image for /images/products/cheese-vita.jpg received null
 ⨯ The requested resource isn't a valid image for /images/products/cheese-berbecut.jpg received null
 ⨯ The requested resource isn't a valid image for /images/products/arabeasca-pui.jpg received null
 ⨯ The requested resource isn't a valid image for /images/products/cheese-pui.jpg received null
 ⨯ The requested resource isn't a valid image for /images/products/cheese-vita.jpg received null
 ⨯ The requested resource isn't a valid image for /images/products/cheese-berbecut.jpg received null
 ⨯ The requested resource isn't a valid image for /images/products/arabeasca-pui.jpg received null
 ⨯ The requested resource isn't a valid image for /images/products/cheese-pui.jpg received null
 ⨯ The requested resource isn't a valid image for /images/products/cheese-vita.jpg received null
 ⨯ The requested resource isn't a valid image for /images/products/cheese-berbecut.jpg received null
 ⨯ The requested resource isn't a valid image for /images/products/arabeasca-pui.jpg received null
 ⨯ The requested resource isn't a valid image for /images/products/cheese-pui.jpg received null
 ⨯ The requested resource isn't a valid image for /images/products/cheese-vita.jpg received null
 ⨯ The requested resource isn't a valid image for /images/products/cheese-berbecut.jpg received null
 ⨯ The requested resource isn't a valid image for /images/products/arabeasca-pui.jpg received null
 ⨯ The requested resource isn't a valid image for /images/products/cheese-pui.jpg received null
 ⨯ The requested resource isn't a valid image for /images/products/cheese-vita.jpg received null
 ⨯ The requested resource isn't a valid image for /images/products/cheese-berbecut.jpg received null
 ⨯ The requested resource isn't a valid image for /images/products/arabeasca-pui.jpg received null
 ⨯ The requested resource isn't a valid image for /images/products/ayran.jpg received null
 ⨯ The requested resource isn't a valid image for /images/products/baclava.jpg received null
 ⨯ The requested resource isn't a valid image for /images/products/cheese-pui.jpg received null
 ⨯ The requested resource isn't a valid image for /images/products/cheese-vita.jpg received null
 ⨯ The requested resource isn't a valid image for /images/products/cheese-berbecut.jpg received null
 ⨯ The requested resource isn't a valid image for /images/products/arabeasca-pui.jpg received null
 ⨯ The requested resource isn't a valid image for /images/products/cheese-pui.jpg received null
 ⨯ The requested resource isn't a valid image for /images/products/cheese-vita.jpg received null
 ⨯ The requested resource isn't a valid image for /images/products/cheese-berbecut.jpg received null
 ⨯ The requested resource isn't a valid image for /images/products/arabeasca-pui.jpg received null
 ⨯ The requested resource isn't a valid image for /images/products/cheese-pui.jpg received null
 ⨯ The requested resource isn't a valid image for /images/products/cheese-vita.jpg received null
 ⨯ The requested resource isn't a valid image for /images/products/cheese-berbecut.jpg received null
 ⨯ The requested resource isn't a valid image for /images/products/arabeasca-pui.jpg received null
 ⨯ The requested resource isn't a valid image for /images/products/cheese-pui.jpg received null
 ⨯ The requested resource isn't a valid image for /images/products/cheese-vita.jpg received null
 ⨯ The requested resource isn't a valid image for /images/products/cheese-berbecut.jpg received null
 ⨯ The requested resource isn't a valid image for /images/products/arabeasca-pui.jpg received null
